1 subgoal
  
  Σ : gFunctors
  H : heapG Σ
  E : coPset
  ============================
  --------------------------------------∗
  WP let: "x" := ref #1 in "x" <- ! "x" + #1;; ! "x" @ E {{ v, ⌜v = #2⌝ }}
  
1 subgoal
  
  Σ : gFunctors
  H : heapG Σ
  E : coPset
  l : loc
  ============================
  _ : l ↦ #1
  --------------------------------------∗
  WP #l <- #1 + #1;; ! #l @ E {{ v, ⌜v = #2⌝ }}
  
