1 subgoal
  
  I : biIndex
  PROP : sbi
  P, Q : monpred.monPred I PROP
  i : I
  ============================
  "HW" : (P -∗ Q) i
  --------------------------------------∗
  (P -∗ Q) i
  
1 subgoal
  
  I : biIndex
  PROP : sbi
  P, Q : monpred.monPred I PROP
  i, j : I
  ============================
  "HW" : (P -∗ Q) j
  "HP" : P j
  --------------------------------------∗
  Q j
  
1 subgoal
  
  I : biIndex
  PROP : sbi
  P, Q : monpred.monPred I PROP
  Objective0 : Objective Q
  𝓟, 𝓠 : PROP
  ============================
  "H2" : ∀ i : I, Q i
  "H3" : 𝓟
  "H4" : 𝓠
  --------------------------------------∗
  ∀ i : I, 𝓟 ∗ 𝓠 ∗ Q i
  
